

*******************************************************************************
Sun Mar  8 20:19:00 2026


FIT:    data read from "out.times.data" using 1:2
        format = x:z
        #datapoints = 13
        residuals are weighted equally (unit weight)

function used for fitting: f(x)
	f(x) = a * x**3
fitted parameters initialized with current variable values

iter      chisq       delta/lim  lambda   a            
   0 7.3842701107e+11   0.00e+00  2.38e+05    1.000000e+00
   5 1.7374122893e-04   0.00e+00  2.38e+02    1.406237e-07

After 5 iterations the fit converged.
final sum of squares of residuals : 0.000173741
rel. change during last iteration : 0

degrees of freedom    (FIT_NDF)                        : 12
rms of residuals      (FIT_STDFIT) = sqrt(WSSR/ndf)    : 0.00380505
variance of residuals (reduced chisquare) = WSSR/ndf   : 1.44784e-05

Final set of parameters            Asymptotic Standard Error
=======================            ==========================
a               = 1.40624e-07      +/- 4.428e-09    (3.149%)


*******************************************************************************
Sun Mar  8 20:19:00 2026


FIT:    data read from "out.times.data" using 1:3
        format = x:z
        #datapoints = 13
        residuals are weighted equally (unit weight)

function used for fitting: g(x)
	g(x) = b * x**3
fitted parameters initialized with current variable values

iter      chisq       delta/lim  lambda   b            
   0 7.3842708950e+11   0.00e+00  2.38e+05    1.000000e+00
   5 6.5959798657e-05   0.00e+00  2.38e+00    8.751460e-08

After 5 iterations the fit converged.
final sum of squares of residuals : 6.59598e-05
rel. change during last iteration : 0

degrees of freedom    (FIT_NDF)                        : 12
rms of residuals      (FIT_STDFIT) = sqrt(WSSR/ndf)    : 0.00234449
variance of residuals (reduced chisquare) = WSSR/ndf   : 5.49665e-06

Final set of parameters            Asymptotic Standard Error
=======================            ==========================
b               = 8.75146e-08      +/- 2.728e-09    (3.118%)
