

*******************************************************************************
Mon Apr 20 09:36:51 2026


FIT:    data read from 'plain_scaling.data' using 1:3
        format = x:z
        #datapoints = 8
        residuals are weighted equally (unit weight)

function used for fitting: f(x)
	f(x) = a/sqrt(x)
fitted parameters initialized with current variable values

iter      chisq       delta/lim  lambda   a            
   0 7.0773914772e-03   0.00e+00  3.33e-02    1.000000e+00
   3 1.3181263256e-04  -1.01e-01  3.33e-05    1.151036e-01

After 3 iterations the fit converged.
final sum of squares of residuals : 0.000131813
rel. change during last iteration : -1.01391e-06

degrees of freedom    (FIT_NDF)                        : 7
rms of residuals      (FIT_STDFIT) = sqrt(WSSR/ndf)    : 0.0043394
variance of residuals (reduced chisquare) = WSSR/ndf   : 1.88304e-05

Final set of parameters            Asymptotic Standard Error
=======================            ==========================
a               = 0.115104         +/- 0.04608      (40.03%)


*******************************************************************************
Mon Apr 20 09:37:58 2026


FIT:    data read from 'plain_scaling.data' using 1:3
        format = x:z
        #datapoints = 8
        residuals are weighted equally (unit weight)

function used for fitting: f(x)
	f(x) = a/sqrt(x)
fitted parameters initialized with current variable values

iter      chisq       delta/lim  lambda   a            
   0 7.0773914772e-03   0.00e+00  3.33e-02    1.000000e+00
   3 1.3181263256e-04  -1.01e-01  3.33e-05    1.151036e-01

After 3 iterations the fit converged.
final sum of squares of residuals : 0.000131813
rel. change during last iteration : -1.01391e-06

degrees of freedom    (FIT_NDF)                        : 7
rms of residuals      (FIT_STDFIT) = sqrt(WSSR/ndf)    : 0.0043394
variance of residuals (reduced chisquare) = WSSR/ndf   : 1.88304e-05

Final set of parameters            Asymptotic Standard Error
=======================            ==========================
a               = 0.115104         +/- 0.04608      (40.03%)
