101 -0.00039465
101.5 -0.000394516
102 -0.000394383
102.5 -0.00039425
103 -0.000394116
103.5 -0.000393983
104 -0.00039385
104.5 -0.000393717
105 -0.000393584
105.5 -0.000393451
106 -0.000393318
106.5 -0.000393185
107 -0.000393052
107.5 -0.000392919
108 -0.000392787
108.5 -0.000392654
109 -0.000392521
109.5 -0.000392389
110 -0.000392257
110.5 -0.000392124
111 -0.000391992
111.5 -0.00039186
112 -0.000391728
112.5 -0.000391596
113 -0.000391464
113.5 -0.000391332
114 -0.0003912
114.5 -0.000391068
115 -0.000390936
115.5 -0.000390804
116 -0.000390673
116.5 -0.000390541
117 -0.00039041
117.5 -0.000390278
118 -0.000390147
118.5 -0.000390016
119 -0.000389885
119.5 -0.000389754
120 -0.000389622
120.5 -0.000389491
121 -0.00038936
121.5 -0.00038923
122 -0.000389099
122.5 -0.000388968
123 -0.000388837
123.5 -0.000388707
124 -0.000388576
124.5 -0.000388446
125 -0.000388315
125.5 -0.000388185
126 -0.000388055
126.5 -0.000387924
127 -0.000387794
127.5 -0.000387664
128 -0.000387534
128.5 -0.000387404
129 -0.000387274
129.5 -0.000387145
130 -0.000387015
130.5 -0.000386885
131 -0.000386755
131.5 -0.000386626
132 -0.000386496
132.5 -0.000386367
133 -0.000386238
133.5 -0.000386108
134 -0.000385979
134.5 -0.00038585
135 -0.000385721
135.5 -0.000385592
136 -0.000385463
136.5 -0.000385334
137 -0.000385205
137.5 -0.000385076
138 -0.000384947
138.5 -0.000384819
139 -0.00038469
139.5 -0.000384562
140 -0.000384433
140.5 -0.000384305
141 -0.000384176
141.5 -0.000384048
142 -0.00038392
142.5 -0.000383792
143 -0.000383664
143.5 -0.000383536
144 -0.000383408
144.5 -0.00038328
145 -0.000383152
145.5 -0.000383024
146 -0.000382896
146.5 -0.000382769
147 -0.000382641
147.5 -0.000382514
148 -0.000382386
148.5 -0.000382259
149 -0.000382132
149.5 -0.000382004
150 -0.000381877
150.5 -0.00038175
151 -0.000381623
151.5 -0.000381496
152 -0.000381369
152.5 -0.000381242
153 -0.000381115
153.5 -0.000380989
154 -0.000380862
154.5 -0.000380735
155 -0.000380609
155.5 -0.000380482
156 -0.000380356
156.5 -0.000380229
157 -0.000380103
157.5 -0.000379977
158 -0.000379851
158.5 -0.000379725
159 -0.000379598
